[2026-05-26T16:33:38.035Z] smoke acm: node "dist/src/cli.js" "webai:acm:download-pdf" "--doc-id" "10.1145/3613904.3642251" "--output-dir" "/home/l1u/workspace/noeticmind/web-ai-capability-hub/.runs/wave-13/downloads/acm" "--output-json" "--pdf-url" "https://dl.acm.org/doi/pdf/10.1145/3613904.3642251" "--profile" "research-acm"
[2026-05-26T16:33:46.638Z] acm => FAIL_UNKNOWN; cumulative real GREEN 0/1
[2026-05-26T16:33:56.648Z] smoke acs: node "dist/src/cli.js" "webai:acs:download-pdf" "--doc-id" "10.1021/acsomega.4c02770" "--output-dir" "/home/l1u/workspace/noeticmind/web-ai-capability-hub/.runs/wave-13/downloads/acs" "--output-json" "--pdf-url" "https://pubs.acs.org/doi/pdf/10.1021/acsomega.4c02770" "--profile" "research-acs"
[2026-05-26T16:34:04.825Z] acs => FAIL_UNKNOWN; cumulative real GREEN 0/2
[2026-05-26T16:34:14.835Z] smoke aiaa: node "dist/src/cli.js" "webai:aiaa:download-pdf" "--doc-id" "10.2514/1.J063456" "--output-dir" "/home/l1u/workspace/noeticmind/web-ai-capability-hub/.runs/wave-13/downloads/aiaa" "--output-json" "--pdf-url" "https://arc.aiaa.org/doi/pdf/10.2514/1.J063456" "--profile" "research-aiaa"
[2026-05-26T16:34:29.057Z] aiaa => URL_RESOLVE_FAIL; cumulative real GREEN 0/3
[2026-05-26T16:34:39.061Z] smoke aip: node "dist/src/cli.js" "webai:aip:download-pdf" "--doc-id" "10.1063/5.0193074" "--output-dir" "/home/l1u/workspace/noeticmind/web-ai-capability-hub/.runs/wave-13/downloads/aip" "--output-json" "--pdf-url" "https://pubs.aip.org/aip/adv/article-pdf/14/1/015001/19492006/015001_1_5.0193074.pdf" "--profile" "research-aip"
[2026-05-26T16:34:45.953Z] aip => URL_RESOLVE_FAIL; cumulative real GREEN 0/4
[2026-05-26T16:34:55.964Z] smoke aps: node "dist/src/cli.js" "webai:aps:download-pdf" "--doc-id" "10.1103/PhysRevLett.132.053401" "--output-dir" "/home/l1u/workspace/noeticmind/web-ai-capability-hub/.runs/wave-13/downloads/aps" "--output-json" "--pdf-url" "https://journals.aps.org/prl/pdf/10.1103/PhysRevLett.132.053401" "--profile" "research-aps"
[2026-05-26T16:35:10.333Z] aps => URL_RESOLVE_FAIL; cumulative real GREEN 0/5
[2026-05-26T16:35:20.343Z] smoke arxiv: node "dist/src/cli.js" "webai:arxiv:download-pdf" "--doc-id" "2401.04088" "--output-dir" "/home/l1u/workspace/noeticmind/web-ai-capability-hub/.runs/wave-13/downloads/arxiv" "--output-json"
[2026-05-26T16:35:21.529Z] arxiv => FAIL_UNKNOWN; cumulative real GREEN 0/6
[2026-05-26T16:35:31.539Z] smoke asce: node "dist/src/cli.js" "webai:asce:download-pdf" "--doc-id" "10.1061/JCEECD.EIENG-2136" "--output-dir" "/home/l1u/workspace/noeticmind/web-ai-capability-hub/.runs/wave-13/downloads/asce" "--output-json" "--pdf-url" "https://ascelibrary.org/doi/pdf/10.1061/JCEECD.EIENG-2136" "--profile" "research-asce"
[2026-05-26T16:35:45.639Z] asce => URL_RESOLVE_FAIL; cumulative real GREEN 0/7
[2026-05-26T16:35:55.650Z] smoke asme: node "dist/src/cli.js" "webai:asme:download-pdf" "--doc-id" "10.1115/1.4055678" "--output-dir" "/home/l1u/workspace/noeticmind/web-ai-capability-hub/.runs/wave-13/downloads/asme" "--output-json" "--pdf-url" "https://asmedigitalcollection.asme.org/fluidsengineering/article-pdf/146/1/011101/7154414/fe_146_01_011101.pdf" "--profile" "research-asme"
[2026-05-26T16:36:02.590Z] asme => URL_RESOLVE_FAIL; cumulative real GREEN 0/8
[2026-05-26T16:36:12.599Z] smoke cambridge: node "dist/src/cli.js" "webai:cambridge:download-pdf" "--doc-id" "10.1632/S0030812925000033" "--output-dir" "/home/l1u/workspace/noeticmind/web-ai-capability-hub/.runs/wave-13/downloads/cambridge" "--output-json" "--pdf-url" "https://www.cambridge.org/core/services/aop-cambridge-core/content/view/44FCA35B8709B9D566F895C979349A7D/S0030812925000033a.pdf/theorizing-archival-public-humanities-scholarship-and-telling-excellent-stories.pdf" "--profile" "research-cambridge"
[2026-05-26T16:36:20.972Z] cambridge => FAIL_UNKNOWN; cumulative real GREEN 0/9
[2026-05-26T16:36:30.981Z] smoke cellpress: node "dist/src/cli.js" "webai:cellpress:download-pdf" "--doc-id" "S2211-1247(24)00001-6" "--output-dir" "/home/l1u/workspace/noeticmind/web-ai-capability-hub/.runs/wave-13/downloads/cellpress" "--output-json" "--pdf-url" "https://www.cell.com/cell-reports/pdf/S2211-1247(24)00001-6.pdf" "--profile" "research-cellpress"
[2026-05-26T16:36:38.796Z] cellpress => URL_RESOLVE_FAIL; cumulative real GREEN 0/10
[2026-05-26T16:36:48.800Z] smoke crc: node "dist/src/cli.js" "webai:crc:download-pdf" "--doc-id" "10.1201/9781003375548-1" "--output-dir" "/home/l1u/workspace/noeticmind/web-ai-capability-hub/.runs/wave-13/downloads/crc" "--output-json" "--pdf-url" "https://www.taylorfrancis.com/chapters/oa-edit/10.1201/9781003375548-1" "--profile" "research-crc"
[2026-05-26T16:37:02.540Z] crc => URL_RESOLVE_FAIL; cumulative real GREEN 0/11
[2026-05-26T16:37:12.540Z] smoke dblp: node "dist/src/cli.js" "webai:dblp:download-pdf" "--doc-id" "conf/test/placeholder" "--output-dir" "/home/l1u/workspace/noeticmind/web-ai-capability-hub/.runs/wave-13/downloads/dblp" "--output-json"
[2026-05-26T16:37:12.694Z] dblp => INVALID_ARGS_EXPECTED; cumulative real GREEN 0/11
[2026-05-26T16:37:22.696Z] smoke degruyter: node "dist/src/cli.js" "webai:degruyter:download-pdf" "--doc-id" "10.1515/nanoph-2023-0798" "--output-dir" "/home/l1u/workspace/noeticmind/web-ai-capability-hub/.runs/wave-13/downloads/degruyter" "--output-json" "--pdf-url" "https://www.degruyter.com/document/doi/10.1515/nanoph-2023-0798/pdf" "--profile" "research-degruyter"
[2026-05-26T16:37:41.597Z] degruyter => FAIL_UNKNOWN; cumulative real GREEN 0/12
[2026-05-26T16:37:51.598Z] smoke emerald: node "dist/src/cli.js" "webai:emerald:download-pdf" "--doc-id" "10.1108/OIR-08-2021-0430" "--output-dir" "/home/l1u/workspace/noeticmind/web-ai-capability-hub/.runs/wave-13/downloads/emerald" "--output-json" "--pdf-url" "https://www.emerald.com/insight/content/doi/10.1108/OIR-08-2021-0430/full/pdf" "--profile" "research-emerald"
[2026-05-26T16:38:06.166Z] emerald => URL_RESOLVE_FAIL; cumulative real GREEN 0/13
[2026-05-26T16:38:16.169Z] smoke frontiers: node "dist/src/cli.js" "webai:frontiers:download-pdf" "--doc-id" "10.3389/fphys.2024.1525184" "--output-dir" "/home/l1u/workspace/noeticmind/web-ai-capability-hub/.runs/wave-13/downloads/frontiers" "--output-json"
[2026-05-26T16:38:19.814Z] frontiers => FAIL_UNKNOWN; cumulative real GREEN 0/14
[2026-05-26T16:38:29.822Z] smoke ieee: node "dist/src/cli.js" "webai:ieee:download-pdf" "--doc-id" "10.1109/ACCESS.2024.3393844" "--output-dir" "/home/l1u/workspace/noeticmind/web-ai-capability-hub/.runs/wave-13/downloads/ieee" "--output-json" "--pdf-url" "https://ieeexplore.ieee.org/stamp/stamp.jsp?tp=&arnumber=10508585" "--profile" "research-ieee"
[2026-05-26T16:39:31.091Z] ieee => SELECTOR_DRIFT; cumulative real GREEN 0/15
[2026-05-26T16:39:41.092Z] smoke iest: node "dist/src/cli.js" "webai:iest:download-pdf" "--doc-id" "10.17764/1098-4321.61.1.1" "--output-dir" "/home/l1u/workspace/noeticmind/web-ai-capability-hub/.runs/wave-13/downloads/iest" "--output-json" "--pdf-url" "https://jiest.kglmeridian.com/view/journals/jiet/61/1/article-p1.xml" "--profile" "research-iest"
[2026-05-26T16:39:51.417Z] iest => FAIL_UNKNOWN; cumulative real GREEN 0/16
[2026-05-26T16:40:01.419Z] smoke iet: node "dist/src/cli.js" "webai:iet:download-pdf" "--doc-id" "10.1049/esi2.12151" "--output-dir" "/home/l1u/workspace/noeticmind/web-ai-capability-hub/.runs/wave-13/downloads/iet" "--output-json" "--pdf-url" "https://ietresearch.onlinelibrary.wiley.com/doi/pdfdirect/10.1049/esi2.12151" "--profile" "research-iet"
[2026-05-26T16:40:14.953Z] iet => URL_RESOLVE_FAIL; cumulative real GREEN 0/17
[2026-05-26T16:40:24.953Z] smoke incopat: node "dist/src/cli.js" "webai:incopat:download-pdf" "--doc-id" "CN114000001A" "--output-dir" "/home/l1u/workspace/noeticmind/web-ai-capability-hub/.runs/wave-13/downloads/incopat" "--output-json" "--pdf-url" "https://www.incopat.com/patent/CN114000001A/pdf" "--profile" "research-incopat"
[2026-05-26T16:40:38.705Z] incopat => URL_RESOLVE_FAIL; cumulative real GREEN 0/18
[2026-05-26T16:40:48.707Z] smoke inspirehep: node "dist/src/cli.js" "webai:inspirehep:download-pdf" "--doc-id" "1234567" "--output-dir" "/home/l1u/workspace/noeticmind/web-ai-capability-hub/.runs/wave-13/downloads/inspirehep" "--output-json"
[2026-05-26T16:41:57.807Z] inspirehep => FAIL_UNKNOWN; cumulative real GREEN 0/19
[2026-05-26T16:42:07.808Z] smoke iop: node "dist/src/cli.js" "webai:iop:download-pdf" "--doc-id" "10.3847/1538-4357/ad1ab3" "--output-dir" "/home/l1u/workspace/noeticmind/web-ai-capability-hub/.runs/wave-13/downloads/iop" "--output-json" "--pdf-url" "https://iopscience.iop.org/article/10.3847/1538-4357/ad1ab3/pdf" "--profile" "research-iop"
[2026-05-26T16:42:10.135Z] iop => URL_RESOLVE_FAIL; cumulative real GREEN 0/20
[2026-05-26T16:42:20.138Z] smoke mdpi: node "dist/src/cli.js" "webai:mdpi:download-pdf" "--doc-id" "2076-3417/15/1/2" "--output-dir" "/home/l1u/workspace/noeticmind/web-ai-capability-hub/.runs/wave-13/downloads/mdpi" "--output-json"
[2026-05-26T16:42:21.969Z] mdpi => URL_RESOLVE_FAIL; cumulative real GREEN 0/21
[2026-05-26T16:42:31.970Z] smoke nature: node "dist/src/cli.js" "webai:nature:download-pdf" "--doc-id" "10.1038/s41467-024-44800-5" "--output-dir" "/home/l1u/workspace/noeticmind/web-ai-capability-hub/.runs/wave-13/downloads/nature" "--output-json" "--pdf-url" "https://www.nature.com/articles/s41467-024-44800-5.pdf" "--profile" "research-nature"
[2026-05-26T16:42:38.938Z] nature => URL_RESOLVE_FAIL; cumulative real GREEN 0/22
[2026-05-26T16:42:48.939Z] smoke optica: node "dist/src/cli.js" "webai:optica:download-pdf" "--doc-id" "10.1364/OL.531116" "--output-dir" "/home/l1u/workspace/noeticmind/web-ai-capability-hub/.runs/wave-13/downloads/optica" "--output-json" "--pdf-url" "https://opg.optica.org/ol/viewmedia.cfm?uri=ol-49-16-4630&seq=0" "--profile" "research-optica"
[2026-05-26T16:43:03.507Z] optica => URL_RESOLVE_FAIL; cumulative real GREEN 0/23
[2026-05-26T16:43:13.509Z] smoke opticsjournal: node "dist/src/cli.js" "webai:opticsjournal:download-pdf" "--doc-id" "10.3788/CJL230001" "--output-dir" "/home/l1u/workspace/noeticmind/web-ai-capability-hub/.runs/wave-13/downloads/opticsjournal" "--output-json" "--pdf-url" "https://www.opticsjournal.net/Articles/OJ0000000000000001/FullText" "--profile" "research-opticsjournal"
[2026-05-26T16:43:27.604Z] opticsjournal => URL_RESOLVE_FAIL; cumulative real GREEN 0/24
[2026-05-26T16:43:37.605Z] smoke proquest: node "dist/src/cli.js" "webai:proquest:download-pdf" "--doc-id" "central:3059838858" "--output-dir" "/home/l1u/workspace/noeticmind/web-ai-capability-hub/.runs/wave-13/downloads/proquest" "--output-json" "--pdf-url" "https://www.proquest.com/docview/3059838858/fulltextPDF" "--profile" "research-proquest"
[2026-05-26T16:43:52.276Z] proquest => URL_RESOLVE_FAIL; cumulative real GREEN 0/25
[2026-05-26T16:44:02.277Z] smoke pubscholar: node "dist/src/cli.js" "webai:pubscholar:download-pdf" "--doc-id" "https://pubscholar.cn/articles" "--output-dir" "/home/l1u/workspace/noeticmind/web-ai-capability-hub/.runs/wave-13/downloads/pubscholar" "--output-json"
[2026-05-26T16:44:02.690Z] pubscholar => SELECTOR_DRIFT; cumulative real GREEN 0/26
[2026-05-26T16:44:12.691Z] smoke royalsoc: node "dist/src/cli.js" "webai:royalsoc:download-pdf" "--doc-id" "10.1098/rsos.230523" "--output-dir" "/home/l1u/workspace/noeticmind/web-ai-capability-hub/.runs/wave-13/downloads/royalsoc" "--output-json" "--pdf-url" "https://royalsocietypublishing.org/doi/pdf/10.1098/rsos.230523" "--profile" "research-royalsoc"
[2026-05-26T16:45:13.355Z] royalsoc => SELECTOR_DRIFT; cumulative real GREEN 0/27
[2026-05-26T16:45:23.357Z] smoke rsc: node "dist/src/cli.js" "webai:rsc:download-pdf" "--doc-id" "10.1039/D4RA01816H" "--output-dir" "/home/l1u/workspace/noeticmind/web-ai-capability-hub/.runs/wave-13/downloads/rsc" "--output-json" "--pdf-url" "https://pubs.rsc.org/en/content/articlepdf/2024/ra/d4ra01816h" "--profile" "research-rsc"
[2026-05-26T16:45:33.539Z] rsc => FAIL_UNKNOWN; cumulative real GREEN 0/28
[2026-05-26T16:45:43.540Z] smoke sae: node "dist/src/cli.js" "webai:sae:download-pdf" "--doc-id" "10.4271/2024-01-0001" "--output-dir" "/home/l1u/workspace/noeticmind/web-ai-capability-hub/.runs/wave-13/downloads/sae" "--output-json" "--pdf-url" "https://www.sae.org/publications/technical-papers/content/2024-01-0001/download" "--profile" "research-sae"
[2026-05-26T16:45:58.647Z] sae => URL_RESOLVE_FAIL; cumulative real GREEN 0/29
[2026-05-26T16:46:08.649Z] smoke scielo: node "dist/src/cli.js" "webai:scielo:download-pdf" "--doc-id" "csp/GSJhtHGZYjDCwQBXvWrQFjq" "--output-dir" "/home/l1u/workspace/noeticmind/web-ai-capability-hub/.runs/wave-13/downloads/scielo" "--output-json"
[2026-05-26T16:46:14.824Z] scielo => URL_RESOLVE_FAIL; cumulative real GREEN 0/30
[2026-05-26T16:46:24.825Z] smoke sciencedirect: node "dist/src/cli.js" "webai:sciencedirect:download-pdf" "--doc-id" "S2666389924000017" "--output-dir" "/home/l1u/workspace/noeticmind/web-ai-capability-hub/.runs/wave-13/downloads/sciencedirect" "--output-json" "--pdf-url" "https://www.sciencedirect.com/science/article/pii/S2666389924000017/pdfft?isDTMRedir=true&download=true" "--profile" "research-sciencedirect"
[2026-05-26T16:46:45.190Z] sciencedirect => URL_RESOLVE_FAIL; cumulative real GREEN 0/31
[2026-05-26T16:46:55.192Z] smoke scoap3: node "dist/src/cli.js" "webai:scoap3:download-pdf" "--doc-id" "106746" "--output-dir" "/home/l1u/workspace/noeticmind/web-ai-capability-hub/.runs/wave-13/downloads/scoap3" "--output-json"
[2026-05-26T16:47:00.958Z] scoap3 => FAIL_UNKNOWN; cumulative real GREEN 0/32
[2026-05-26T16:47:10.960Z] smoke siam: node "dist/src/cli.js" "webai:siam:download-pdf" "--doc-id" "10.1137/23M1560687" "--output-dir" "/home/l1u/workspace/noeticmind/web-ai-capability-hub/.runs/wave-13/downloads/siam" "--output-json" "--pdf-url" "https://epubs.siam.org/doi/pdf/10.1137/23M1560687" "--profile" "research-siam"
[2026-05-26T16:47:36.453Z] siam => URL_RESOLVE_FAIL; cumulative real GREEN 0/33
[2026-05-26T16:47:46.455Z] smoke springer: node "dist/src/cli.js" "webai:springer:download-pdf" "--doc-id" "10.1186/s12859-024-05742-5" "--output-dir" "/home/l1u/workspace/noeticmind/web-ai-capability-hub/.runs/wave-13/downloads/springer" "--output-json" "--pdf-url" "https://bmcbioinformatics.biomedcentral.com/counter/pdf/10.1186/s12859-024-05742-5.pdf" "--profile" "research-springer"
[2026-05-26T16:47:54.718Z] springer => FAIL_UNKNOWN; cumulative real GREEN 0/34
[2026-05-26T16:48:04.721Z] smoke tandf: node "dist/src/cli.js" "webai:tandf:download-pdf" "--doc-id" "10.1080/0361526X.2022.2040233" "--output-dir" "/home/l1u/workspace/noeticmind/web-ai-capability-hub/.runs/wave-13/downloads/tandf" "--output-json" "--pdf-url" "https://www.tandfonline.com/doi/pdf/10.1080/0361526X.2022.2040233" "--profile" "research-tandf"
[2026-05-26T16:48:18.911Z] tandf => URL_RESOLVE_FAIL; cumulative real GREEN 0/35
[2026-05-26T16:48:28.911Z] smoke wanfang: node "dist/src/cli.js" "webai:wanfang:download-pdf" "--doc-id" "Periodical_zgkx-cd202401001" "--output-dir" "/home/l1u/workspace/noeticmind/web-ai-capability-hub/.runs/wave-13/downloads/wanfang" "--output-json" "--pdf-url" "https://d.wanfangdata.com.cn/periodical/zgkx-cd202401001" "--profile" "research-wanfang"
[2026-05-26T16:48:41.263Z] wanfang => URL_RESOLVE_FAIL; cumulative real GREEN 0/36
[2026-05-26T16:48:51.265Z] smoke wiley: node "dist/src/cli.js" "webai:wiley:download-pdf" "--doc-id" "10.1002/advs.202408416" "--output-dir" "/home/l1u/workspace/noeticmind/web-ai-capability-hub/.runs/wave-13/downloads/wiley" "--output-json" "--pdf-url" "https://onlinelibrary.wiley.com/doi/pdfdirect/10.1002/advs.202408416" "--profile" "research-wiley"
[2026-05-26T16:49:03.620Z] wiley => URL_RESOLVE_FAIL; cumulative real GREEN 0/37
[2026-05-26T16:49:13.621Z] smoke worldsci: node "dist/src/cli.js" "webai:worldsci:download-pdf" "--doc-id" "10.1142/S0218271824500010" "--output-dir" "/home/l1u/workspace/noeticmind/web-ai-capability-hub/.runs/wave-13/downloads/worldsci" "--output-json" "--pdf-url" "https://www.worldscientific.com/doi/pdf/10.1142/S0218271824500010" "--profile" "research-worldsci"
[2026-05-26T16:49:25.955Z] worldsci => URL_RESOLVE_FAIL; cumulative real GREEN 0/38
[2026-05-26T16:49:35.957Z] smoke wos: node "dist/src/cli.js" "webai:wos:download-pdf" "--doc-id" "WOS:000000000000000" "--output-dir" "/home/l1u/workspace/noeticmind/web-ai-capability-hub/.runs/wave-13/downloads/wos" "--output-json" "--profile" "research-wos"
[2026-05-26T16:49:36.260Z] wos => INVALID_ARGS_EXPECTED; cumulative real GREEN 0/38
[2026-05-26T16:49:36.260Z] DONE real GREEN 0/38; invalid expected 2/2
