[2026-05-26T16:59:03.001Z] retry aiaa
[2026-05-26T16:59:18.412Z] aiaa => GREEN 24753508
[2026-05-26T16:59:28.414Z] retry aip
[2026-05-26T17:00:29.397Z] aip => URL_RESOLVE_FAIL
[2026-05-26T17:00:39.407Z] retry aps
[2026-05-26T17:01:40.300Z] aps => URL_RESOLVE_FAIL
[2026-05-26T17:01:50.309Z] retry asce
[2026-05-26T17:02:51.261Z] asce => URL_RESOLVE_FAIL
[2026-05-26T17:03:01.271Z] retry asme
[2026-05-26T17:04:02.161Z] asme => SELECTOR_DRIFT
[2026-05-26T17:04:12.165Z] retry ieee
[2026-05-26T17:05:13.083Z] ieee => SELECTOR_DRIFT
[2026-05-26T17:05:23.092Z] retry iet
[2026-05-26T17:05:30.679Z] iet => GREEN 3733786
[2026-05-26T17:05:40.685Z] retry iop
[2026-05-26T17:05:50.259Z] iop => GREEN 648735
[2026-05-26T17:06:00.263Z] retry nature
[2026-05-26T17:06:08.813Z] nature => GREEN 12092510
[2026-05-26T17:06:18.816Z] retry royalsoc
[2026-05-26T17:07:19.856Z] royalsoc => SELECTOR_DRIFT
[2026-05-26T17:07:29.866Z] retry scielo
[2026-05-26T17:07:33.683Z] scielo => GREEN 496587
[2026-05-26T17:07:43.686Z] retry sciencedirect
[2026-05-26T17:08:24.720Z] sciencedirect => SELECTOR_DRIFT
[2026-05-26T17:08:34.721Z] retry siam
[2026-05-26T17:09:03.026Z] siam => URL_RESOLVE_FAIL
[2026-05-26T17:09:13.028Z] retry tandf
[2026-05-26T17:09:20.790Z] tandf => GREEN 576762
[2026-05-26T17:09:30.791Z] retry wanfang
[2026-05-26T17:10:00.571Z] wanfang => URL_RESOLVE_FAIL
[2026-05-26T17:10:10.572Z] retry wiley
[2026-05-26T17:10:27.975Z] wiley => SELECTOR_DRIFT
[2026-05-26T17:10:37.976Z] retry worldsci
[2026-05-26T17:10:49.311Z] worldsci => GREEN 360284
