[2026-05-27T04:45:56.562Z] START aps
[2026-05-27T04:47:07.891Z] aps attempt 1: GREEN  539351
[2026-05-27T04:47:07.987Z] sleep 15000ms before next DB
[2026-05-27T04:47:22.995Z] START asce
[2026-05-27T04:48:54.748Z] asce attempt 1: URL_RESOLVE_FAIL ARTIFACT_DOWNLOAD_TIMEOUT 
[2026-05-27T04:49:57.202Z] asce attempt 2: URL_RESOLVE_FAIL ARTIFACT_DOWNLOAD_TIMEOUT 
[2026-05-27T04:51:03.722Z] asce attempt 3: URL_RESOLVE_FAIL ARTIFACT_DOWNLOAD_TIMEOUT 
[2026-05-27T04:51:03.820Z] sleep 15000ms before next DB
[2026-05-27T04:51:18.827Z] START emerald
[2026-05-27T04:52:21.906Z] emerald attempt 1: GREEN  16954314
[2026-05-27T04:52:22.004Z] sleep 15000ms before next DB
[2026-05-27T04:52:37.011Z] START optica
[2026-05-27T04:54:25.393Z] optica attempt 1: SELECTOR_DRIFT ELEMENT_NOT_FOUND 
[2026-05-27T04:55:25.855Z] optica attempt 2: SELECTOR_DRIFT ELEMENT_NOT_FOUND 
[2026-05-27T04:55:25.962Z] sleep 15000ms before next DB
[2026-05-27T04:55:40.977Z] START opticsjournal
[2026-05-27T04:56:25.152Z] opticsjournal attempt 1: GREEN  1146013
[2026-05-27T04:56:25.251Z] sleep 15000ms before next DB
[2026-05-27T04:56:40.266Z] START proquest
[2026-05-27T04:57:02.518Z] sleep 15000ms before next DB
[2026-05-27T04:57:17.518Z] START pubscholar
[2026-05-27T04:57:24.241Z] sleep 15000ms before next DB
[2026-05-27T04:57:39.257Z] START royalsoc
[2026-05-27T04:57:56.701Z] sleep 15000ms before next DB
[2026-05-27T04:58:11.716Z] START sae
[2026-05-27T04:58:45.883Z] sleep 15000ms before next DB
[2026-05-27T04:59:00.898Z] START siam
[2026-05-27T04:59:52.512Z] siam attempt 1: GREEN  1634385
[2026-05-27T04:59:52.609Z] DONE Wave17 GREEN 4/10
